{"timestamp":"2026-07-18T17:49:49.740Z","level":"INFO","message":"Server started successfully on port 5000","data":null}
{"timestamp":"2026-07-18T17:49:49.789Z","level":"INFO","message":"Database connection established successfully","data":null}
{"timestamp":"2026-07-18T18:05:49.136Z","level":"INFO","message":"Registration attempt for: hen mark (+23490127674)","data":null}
{"timestamp":"2026-07-18T18:05:49.250Z","level":"INFO","message":"Registration successful: hen mark (CRSMRQOGTFG2M66)","data":null}
{"timestamp":"2026-07-18T18:05:49.282Z","level":"INFO","message":"Response sent: POST /api/register - 201 (150ms)","data":null}
{"timestamp":"2026-07-18T18:05:49.303Z","level":"INFO","message":"Fetching questions for user: CRSMRQOGTFG2M66","data":null}
{"timestamp":"2026-07-18T18:05:49.335Z","level":"INFO","message":"Questions fetched successfully for user CRSMRQOGTFG2M66 (10 questions)","data":null}
{"timestamp":"2026-07-18T18:05:49.336Z","level":"INFO","message":"Response sent: POST /api/questions - 200 (34ms)","data":null}
{"timestamp":"2026-07-18T18:07:02.710Z","level":"INFO","message":"Fetching questions for user: CRSMRQOGTFG2M66","data":null}
{"timestamp":"2026-07-18T18:07:02.732Z","level":"INFO","message":"Questions fetched successfully for user CRSMRQOGTFG2M66 (10 questions)","data":null}
{"timestamp":"2026-07-18T18:07:02.733Z","level":"INFO","message":"Response sent: POST /api/questions - 200 (23ms)","data":null}
{"timestamp":"2026-07-18T18:07:02.747Z","level":"INFO","message":"Fetching questions for user: CRSMRQOGTFG2M66","data":null}
{"timestamp":"2026-07-18T18:07:02.763Z","level":"INFO","message":"Questions fetched successfully for user CRSMRQOGTFG2M66 (10 questions)","data":null}
{"timestamp":"2026-07-18T18:07:02.774Z","level":"INFO","message":"Response sent: POST /api/questions - 200 (28ms)","data":null}
{"timestamp":"2026-07-18T18:07:03.579Z","level":"INFO","message":"Bulk save starting for user CRSMRQOGTFG2M66 (3 answers)","data":null}
{"timestamp":"2026-07-18T18:07:03.609Z","level":"INFO","message":"Bulk save starting for user CRSMRQOGTFG2M66 (3 answers)","data":null}
{"timestamp":"2026-07-18T18:07:03.657Z","level":"INFO","message":"Bulk save completed: 3 answers saved for user CRSMRQOGTFG2M66","data":null}
{"timestamp":"2026-07-18T18:07:03.691Z","level":"INFO","message":"Response sent: POST /api/bulk-save-answers - 200 (113ms)","data":null}
{"timestamp":"2026-07-18T18:07:03.702Z","level":"INFO","message":"Bulk save completed: 3 answers saved for user CRSMRQOGTFG2M66","data":null}
{"timestamp":"2026-07-18T18:07:03.708Z","level":"INFO","message":"Response sent: POST /api/bulk-save-answers - 200 (99ms)","data":null}
{"timestamp":"2026-07-18T18:07:39.407Z","level":"INFO","message":"Bulk submit starting for user CRSMRQOGTFG2M66","data":null}
{"timestamp":"2026-07-18T18:07:39.422Z","level":"INFO","message":"Saving 3 answers before submission for user CRSMRQOGTFG2M66","data":null}
{"timestamp":"2026-07-18T18:07:39.458Z","level":"INFO","message":"Answers saved before submission for user CRSMRQOGTFG2M66","data":null}
{"timestamp":"2026-07-18T18:07:39.489Z","level":"INFO","message":"Exam submitted successfully for user CRSMRQOGTFG2M66: Score 0/110 (0.00%)","data":null}
{"timestamp":"2026-07-18T18:07:39.493Z","level":"INFO","message":"Response sent: POST /api/bulk-submit-exam - 200 (87ms)","data":null}
{"timestamp":"2026-07-18T18:07:39.549Z","level":"INFO","message":"Fetching results for user CRSMRQOGTFG2M66","data":null}
{"timestamp":"2026-07-18T18:07:39.564Z","level":"INFO","message":"Results fetched successfully for user CRSMRQOGTFG2M66","data":null}
{"timestamp":"2026-07-18T18:07:39.569Z","level":"INFO","message":"Response sent: GET /api/results/CRSMRQOGTFG2M66 - 200 (21ms)","data":null}
{"timestamp":"2026-07-18T18:07:52.673Z","level":"INFO","message":"Fetching results for user CRSMRQOGTFG2M66","data":null}
{"timestamp":"2026-07-18T18:07:52.692Z","level":"INFO","message":"Results fetched successfully for user CRSMRQOGTFG2M66","data":null}
{"timestamp":"2026-07-18T18:07:52.694Z","level":"INFO","message":"Response sent: GET /api/results/CRSMRQOGTFG2M66 - 200 (21ms)","data":null}
{"timestamp":"2026-07-18T18:37:52.783Z","level":"INFO","message":"Fetching results for user CRSMRQOGTFG2M66","data":null}
{"timestamp":"2026-07-18T18:37:52.981Z","level":"INFO","message":"Results fetched successfully for user CRSMRQOGTFG2M66","data":null}
{"timestamp":"2026-07-18T18:37:53.045Z","level":"INFO","message":"Response sent: GET /api/results/CRSMRQOGTFG2M66 - 304 (271ms)","data":null}
{"timestamp":"2026-07-18T18:38:19.289Z","level":"INFO","message":"Fetching results for user CRSMRQOGTFG2M66","data":null}
{"timestamp":"2026-07-18T18:38:19.297Z","level":"INFO","message":"Results fetched successfully for user CRSMRQOGTFG2M66","data":null}
{"timestamp":"2026-07-18T18:38:19.300Z","level":"INFO","message":"Response sent: GET /api/results/CRSMRQOGTFG2M66 - 200 (12ms)","data":null}
{"timestamp":"2026-07-18T18:44:29.192Z","level":"INFO","message":"Registration attempt for: Kenyor Komommo Ntem (09097441316)","data":null}
{"timestamp":"2026-07-18T18:44:29.352Z","level":"INFO","message":"Registration successful: Kenyor Komommo Ntem (CRSMRQPUJM58LKZ)","data":null}
{"timestamp":"2026-07-18T18:44:29.360Z","level":"INFO","message":"Response sent: POST /api/register - 201 (168ms)","data":null}
{"timestamp":"2026-07-18T18:44:29.388Z","level":"INFO","message":"Fetching questions for user: CRSMRQPUJM58LKZ","data":null}
{"timestamp":"2026-07-18T18:44:29.441Z","level":"INFO","message":"Questions fetched successfully for user CRSMRQPUJM58LKZ (10 questions)","data":null}
{"timestamp":"2026-07-18T18:44:29.444Z","level":"INFO","message":"Response sent: POST /api/questions - 200 (57ms)","data":null}
{"timestamp":"2026-07-18T18:44:35.570Z","level":"INFO","message":"Saving answer for user CRSMRQPUJM58LKZ, question 1","data":null}
{"timestamp":"2026-07-18T18:44:35.601Z","level":"INFO","message":"Answer saved: User CRSMRQPUJM58LKZ, Question 1, Score 0/5","data":null}
{"timestamp":"2026-07-18T18:44:35.605Z","level":"INFO","message":"Response sent: POST /api/save-answer - 200 (52ms)","data":null}
{"timestamp":"2026-07-18T18:44:47.028Z","level":"INFO","message":"Saving answer for user CRSMRQPUJM58LKZ, question 2","data":null}
{"timestamp":"2026-07-18T18:44:47.092Z","level":"INFO","message":"Answer saved: User CRSMRQPUJM58LKZ, Question 2, Score 5/5","data":null}
{"timestamp":"2026-07-18T18:44:47.093Z","level":"INFO","message":"Response sent: POST /api/save-answer - 200 (65ms)","data":null}
{"timestamp":"2026-07-18T18:44:54.963Z","level":"INFO","message":"Saving answer for user CRSMRQPUJM58LKZ, question 3","data":null}
{"timestamp":"2026-07-18T18:44:54.991Z","level":"INFO","message":"Answer saved: User CRSMRQPUJM58LKZ, Question 3, Score 5/5","data":null}
{"timestamp":"2026-07-18T18:44:54.992Z","level":"INFO","message":"Response sent: POST /api/save-answer - 200 (29ms)","data":null}
{"timestamp":"2026-07-18T18:45:00.585Z","level":"INFO","message":"Bulk save starting for user CRSMRQPUJM58LKZ (3 answers)","data":null}
{"timestamp":"2026-07-18T18:45:00.635Z","level":"INFO","message":"Bulk save completed: 3 answers saved for user CRSMRQPUJM58LKZ","data":null}
{"timestamp":"2026-07-18T18:45:00.678Z","level":"INFO","message":"Response sent: POST /api/bulk-save-answers - 200 (93ms)","data":null}
{"timestamp":"2026-07-18T18:45:00.702Z","level":"INFO","message":"Submit exam request for user CRSMRQPUJM58LKZ","data":null}
{"timestamp":"2026-07-18T18:45:00.787Z","level":"INFO","message":"Exam submitted for user CRSMRQPUJM58LKZ: Score 10/110 (9.09%)","data":null}
{"timestamp":"2026-07-18T18:45:00.790Z","level":"INFO","message":"Response sent: POST /api/submit-exam - 200 (92ms)","data":null}
{"timestamp":"2026-07-19T13:36:44.760Z","level":"INFO","message":"SIGINT received, shutting down gracefully","data":null}
{"timestamp":"2026-08-06T09:39:30.605Z","level":"INFO","message":"Server started successfully on port 5000","data":null}
{"timestamp":"2026-08-06T09:39:30.706Z","level":"INFO","message":"Database connection established successfully","data":null}
{"timestamp":"2026-08-06T09:49:08.447Z","level":"INFO","message":"Registration attempt for: KENYOR KOMOMMO NTEM (+2349065808112)","data":null}
{"timestamp":"2026-08-06T09:49:08.601Z","level":"INFO","message":"Response sent: POST /api/register - 400 (154ms)","data":null}
{"timestamp":"2026-08-06T09:49:11.925Z","level":"INFO","message":"Registration attempt for: KENYOR KOMOMMO NTEM (+2349065808112)","data":null}
{"timestamp":"2026-08-06T09:49:11.927Z","level":"INFO","message":"Response sent: POST /api/register - 400 (3ms)","data":null}
{"timestamp":"2026-08-06T09:49:19.506Z","level":"INFO","message":"Registration attempt for: KENYOR KOMOMMO NTEM (+2349065808112)","data":null}
{"timestamp":"2026-08-06T09:49:19.514Z","level":"INFO","message":"Response sent: POST /api/register - 400 (8ms)","data":null}
{"timestamp":"2026-08-06T09:49:56.035Z","level":"INFO","message":"Registration attempt for: KENYOR KOMOMMO NTEM (+23490876512)","data":null}
{"timestamp":"2026-08-06T09:49:56.106Z","level":"INFO","message":"Registration successful: KENYOR KOMOMMO NTEM (CRSMSHC4AFAAL01)","data":null}
{"timestamp":"2026-08-06T09:49:56.117Z","level":"INFO","message":"Response sent: POST /api/register - 201 (82ms)","data":null}
{"timestamp":"2026-08-06T09:49:56.167Z","level":"INFO","message":"Fetching questions for user: CRSMSHC4AFAAL01","data":null}
{"timestamp":"2026-08-06T09:49:56.235Z","level":"INFO","message":"Questions fetched successfully for user CRSMSHC4AFAAL01 (10 questions)","data":null}
{"timestamp":"2026-08-06T09:49:56.245Z","level":"INFO","message":"Response sent: POST /api/questions - 200 (79ms)","data":null}
{"timestamp":"2026-08-06T09:52:25.503Z","level":"INFO","message":"Registration attempt for: JOHN JHON (234672684647)","data":null}
{"timestamp":"2026-08-06T09:52:25.542Z","level":"INFO","message":"Registration successful: JOHN JHON (CRSMSHC7HR9OROJ)","data":null}
{"timestamp":"2026-08-06T09:52:25.556Z","level":"INFO","message":"Response sent: POST /api/register - 201 (53ms)","data":null}
{"timestamp":"2026-08-06T09:52:25.651Z","level":"INFO","message":"Fetching questions for user: CRSMSHC7HR9OROJ","data":null}
{"timestamp":"2026-08-06T09:52:25.694Z","level":"INFO","message":"Questions fetched successfully for user CRSMSHC7HR9OROJ (10 questions)","data":null}
{"timestamp":"2026-08-06T09:52:25.711Z","level":"INFO","message":"Response sent: POST /api/questions - 200 (64ms)","data":null}
{"timestamp":"2026-08-06T09:56:07.910Z","level":"INFO","message":"Bulk submit starting for user CRSMSHC4AFAAL01","data":null}
{"timestamp":"2026-08-06T09:56:07.914Z","level":"INFO","message":"Saving 3 answers before submission for user CRSMSHC4AFAAL01","data":null}
{"timestamp":"2026-08-06T09:56:07.957Z","level":"INFO","message":"Answers saved before submission for user CRSMSHC4AFAAL01","data":null}
{"timestamp":"2026-08-06T09:56:08.014Z","level":"INFO","message":"Exam submitted successfully for user CRSMSHC4AFAAL01: Score 0/110 (0.00%)","data":null}
{"timestamp":"2026-08-06T09:56:08.017Z","level":"INFO","message":"Response sent: POST /api/bulk-submit-exam - 200 (108ms)","data":null}
{"timestamp":"2026-08-06T09:56:08.081Z","level":"INFO","message":"Fetching results for user CRSMSHC4AFAAL01","data":null}
{"timestamp":"2026-08-06T09:56:08.102Z","level":"INFO","message":"Results fetched successfully for user CRSMSHC4AFAAL01","data":null}
{"timestamp":"2026-08-06T09:56:08.108Z","level":"INFO","message":"Response sent: GET /api/results/CRSMSHC4AFAAL01 - 200 (29ms)","data":null}
{"timestamp":"2026-08-06T09:56:16.270Z","level":"INFO","message":"Submit exam request for user CRSMSHC7HR9OROJ","data":null}
{"timestamp":"2026-08-06T09:56:16.309Z","level":"INFO","message":"Exam submitted for user CRSMSHC7HR9OROJ: Score 0/110 (0.00%)","data":null}
{"timestamp":"2026-08-06T09:56:16.313Z","level":"INFO","message":"Response sent: POST /api/submit-exam - 200 (44ms)","data":null}
{"timestamp":"2026-08-06T10:44:20.795Z","level":"INFO","message":"Registration attempt for: Mark John (+23480-974637478)","data":null}
{"timestamp":"2026-08-06T10:44:20.824Z","level":"INFO","message":"Response sent: POST /api/register - 500 (30ms)","data":null}
{"timestamp":"2026-08-06T10:44:31.779Z","level":"INFO","message":"Registration attempt for: Mark John (+23480974637478)","data":null}
{"timestamp":"2026-08-06T10:44:31.845Z","level":"INFO","message":"Registration successful: Mark John (CRSMSHE2I06HV9F)","data":null}
{"timestamp":"2026-08-06T10:44:31.848Z","level":"INFO","message":"Response sent: POST /api/register - 201 (68ms)","data":null}
{"timestamp":"2026-08-06T10:44:31.862Z","level":"INFO","message":"Fetching questions for user: CRSMSHE2I06HV9F","data":null}
{"timestamp":"2026-08-06T10:44:31.881Z","level":"INFO","message":"Questions fetched successfully for user CRSMSHE2I06HV9F (10 questions)","data":null}
{"timestamp":"2026-08-06T10:44:31.884Z","level":"INFO","message":"Response sent: POST /api/questions - 200 (22ms)","data":null}
{"timestamp":"2026-08-06T10:47:29.440Z","level":"INFO","message":"Bulk submit starting for user CRSMSHE2I06HV9F","data":null}
{"timestamp":"2026-08-06T10:47:29.444Z","level":"INFO","message":"Saving 6 answers before submission for user CRSMSHE2I06HV9F","data":null}
{"timestamp":"2026-08-06T10:47:29.467Z","level":"INFO","message":"Answers saved before submission for user CRSMSHE2I06HV9F","data":null}
{"timestamp":"2026-08-06T10:47:29.493Z","level":"INFO","message":"Exam submitted successfully for user CRSMSHE2I06HV9F: Score 8/110 (7.27%)","data":null}
{"timestamp":"2026-08-06T10:47:29.495Z","level":"INFO","message":"Response sent: POST /api/bulk-submit-exam - 200 (55ms)","data":null}
{"timestamp":"2026-08-06T10:47:29.520Z","level":"INFO","message":"Fetching results for user CRSMSHE2I06HV9F","data":null}
{"timestamp":"2026-08-06T10:47:29.526Z","level":"INFO","message":"Results fetched successfully for user CRSMSHE2I06HV9F","data":null}
{"timestamp":"2026-08-06T10:47:29.533Z","level":"INFO","message":"Response sent: GET /api/results/CRSMSHE2I06HV9F - 200 (13ms)","data":null}
{"timestamp":"2026-08-06T10:49:00.628Z","level":"INFO","message":"Registration attempt for: Henry mark (234676456765)","data":null}
{"timestamp":"2026-08-06T10:49:00.651Z","level":"INFO","message":"Registration successful: Henry mark (CRSMSHE89G5JOF8)","data":null}
{"timestamp":"2026-08-06T10:49:00.652Z","level":"INFO","message":"Response sent: POST /api/register - 201 (24ms)","data":null}
{"timestamp":"2026-08-06T10:49:00.675Z","level":"INFO","message":"Fetching questions for user: CRSMSHE89G5JOF8","data":null}
{"timestamp":"2026-08-06T10:49:00.688Z","level":"INFO","message":"Questions fetched successfully for user CRSMSHE89G5JOF8 (10 questions)","data":null}
{"timestamp":"2026-08-06T10:49:00.689Z","level":"INFO","message":"Response sent: POST /api/questions - 200 (14ms)","data":null}
{"timestamp":"2026-08-06T10:50:41.635Z","level":"INFO","message":"Submit exam request for user CRSMSHE89G5JOF8","data":null}
{"timestamp":"2026-08-06T10:50:41.672Z","level":"INFO","message":"Exam submitted for user CRSMSHE89G5JOF8: Score 0/110 (0.00%)","data":null}
{"timestamp":"2026-08-06T10:50:41.678Z","level":"INFO","message":"Response sent: POST /api/submit-exam - 200 (43ms)","data":null}
